compose ''' 'a' to aacute
compose '`' 'a' to agrave
compose '^' 'a' to acircumflex
compose '"' 'a' to adiaeresis
compose ''' 'A' to Aacute
compose '`' 'A' to Agrave
compose '^' 'A' to Acircumflex
compose '"' 'A' to Adiaeresis
compose 'o' 'a' to aring
compose 'o' 'A' to Aring
compose 'a' 'e' to ae
compose 'A' 'E' to AE
compose ''' 'i' to iacute
compose '`' 'i' to igrave
compose '^' 'i' to icircumflex
compose '"' 'i' to idiaeresis
compose ''' 'I' to Iacute
compose '`' 'I' to Igrave
compose '^' 'I' to Icircumflex
compose '"' 'I' to Idiaeresis
compose ''' 'u' to uacute
compose '`' 'u' to ugrave
compose '^' 'u' to ucircumflex
compose '"' 'u' to udiaeresis
compose 'o' 'u' to uring
compose 'u' 'u' to ubreve
compose ''' 'U' to Uacute
compose '`' 'U' to Ugrave
compose '^' 'U' to Ucircumflex
compose '"' 'U' to Udiaeresis
compose 'o' 'U' to Uring
compose 'o' 'U' to Ubreve
compose ''' 'e' to eacute
compose '`' 'e' to egrave
compose '^' 'e' to ecircumflex
compose '"' 'e' to ediaeresis
compose ''' 'E' to Eacute
compose '`' 'E' to Egrave
compose '^' 'E' to Ecircumflex
compose '"' 'E' to Ediaeresis
compose ''' 'o' to oacute
compose '`' 'o' to ograve
compose '^' 'o' to ocircumflex
compose '"' 'o' to odiaeresis
compose ''' 'O' to Oacute
compose '`' 'O' to Ograve
compose '^' 'O' to Ocircumflex
compose '"' 'O' to Odiaeresis
compose '~' 'O' to Otilde
compose '~' 'o' to otilde
compose '/' 'O' to Oslash
compose '/' 'o' to oslash
compose 'o' 'e' to oe
compose 'O' 'E' to OE
compose ',' 'c' to ccedilla
compose ',' 'C' to Ccedilla
compose '~' 'n' to ntilde
compose '~' 'N' to Ntilde
compose 's' 's' to ssharp
compose '^' 'c' to ccircumflex
compose '^' 'C' to Ccircumflex
compose '^' 'j' to jcircumflex
compose '^' 'J' to Jcircumflex
compose '^' 'h' to hcircumflex
compose '^' 'H' to Hcircumflex
compose '^' 'g' to gcircumflex
compose '^' 'G' to Gcircumflex
compose '^' 's' to scircumflex
compose '^' 'S' to Scircumflex
compose 'v' 'c' to ccaron
compose 'v' 'C' to Ccaron
